// Jest Snapshot v1, https://goo.gl/fbAQLP

exports[`Counter renders title 1`] = `
<span>
  0
   - 
  0e+0
   -
   
  0.00000000000000000
</span>
`;
